// Jest Snapshot v1, https://goo.gl/fbAQLP

exports[`Test the Home Component 1`] = `
<div
  className="home-wrapper"
>
  <h1
    className="home-title"
  >
    Experience Math Like Never Before with Math Magicians!
  </h1>
  <p
    className="home-paragraph"
  >
    Welcome to Math Magicians, where numbers come to life, equations dance at your fingertips, and math becomes an enchanting journey. Our cutting-edge calculator app is your passport to a world where math isn't just about solving problems; it's about exploring the wonders of the numerical universe.
  </p>
  <p
    className="home-paragraph"
  >
    In this digital realm, math transcends the mundane and transforms into an art form. With Math Magicians, you'll discover that math is not just a tool for daily tasks; it's a gateway to uncover the beauty and elegance hidden within each equation.
  </p>
</div>
`;
